#-----------------------------------------------------------
# Vivado v2017.4 (64-bit)
# SW Build 2086221 on Fri Dec 15 20:55:39 MST 2017
# IP Build 2085800 on Fri Dec 15 22:25:07 MST 2017
# Start of session at: Wed Apr 11 20:33:32 2018
# Process ID: 12904
# Current directory: C:/Users/Wendy Li/Desktop/FPGA1/project/Reaction_Timer_assignment1_git
# Command line: vivado.exe -gui_launcher_event rodinguilauncherevent12672 C:\Users\Wendy Li\Desktop\FPGA1\project\Reaction_Timer_assignment1_git\Reaction_Timer_assignment1.xpr
# Log file: C:/Users/Wendy Li/Desktop/FPGA1/project/Reaction_Timer_assignment1_git/vivado.log
# Journal file: C:/Users/Wendy Li/Desktop/FPGA1/project/Reaction_Timer_assignment1_git\vivado.jou
#-----------------------------------------------------------
start_gui
open_project {C:/Users/Wendy Li/Desktop/FPGA1/project/Reaction_Timer_assignment1_git/Reaction_Timer_assignment1.xpr}
update_compile_order -fileset sources_1
launch_runs impl_1 -to_step write_bitstream -jobs 4
wait_on_run impl_1
open_hw
connect_hw_server
open_hw_target
set_property PROGRAM.FILE {C:/Users/Wendy Li/Desktop/FPGA1/project/Reaction_Timer_assignment1_git/Reaction_Timer_assignment1.runs/impl_1/reactionTimer_TOP.bit} [get_hw_devices xc7a100t_0]
current_hw_device [get_hw_devices xc7a100t_0]
refresh_hw_device -update_hw_probes false [lindex [get_hw_devices xc7a100t_0] 0]
set_property PROBES.FILE {} [get_hw_devices xc7a100t_0]
set_property FULL_PROBES.FILE {} [get_hw_devices xc7a100t_0]
set_property PROGRAM.FILE {C:/Users/Wendy Li/Desktop/FPGA1/project/Reaction_Timer_assignment1_git/Reaction_Timer_assignment1.runs/impl_1/reactionTimer_TOP.bit} [get_hw_devices xc7a100t_0]
program_hw_devices [get_hw_devices xc7a100t_0]
refresh_hw_device [lindex [get_hw_devices xc7a100t_0] 0]
set_property PROBES.FILE {} [get_hw_devices xc7a100t_0]
set_property FULL_PROBES.FILE {} [get_hw_devices xc7a100t_0]
set_property PROGRAM.FILE {C:/Users/Wendy Li/Desktop/FPGA1/project/Reaction_Timer_assignment1_git/Reaction_Timer_assignment1.runs/impl_1/reactionTimer_TOP.bit} [get_hw_devices xc7a100t_0]
program_hw_devices [get_hw_devices xc7a100t_0]
refresh_hw_device [lindex [get_hw_devices xc7a100t_0] 0]
close_hw
reset_run synth_1
launch_runs impl_1 -to_step write_bitstream -jobs 4
wait_on_run impl_1
open_hw
connect_hw_server
open_hw_target
set_property PROGRAM.FILE {C:/Users/Wendy Li/Desktop/FPGA1/project/Reaction_Timer_assignment1_git/Reaction_Timer_assignment1.runs/impl_1/reactionTimer_TOP.bit} [get_hw_devices xc7a100t_0]
current_hw_device [get_hw_devices xc7a100t_0]
refresh_hw_device -update_hw_probes false [lindex [get_hw_devices xc7a100t_0] 0]
set_property PROBES.FILE {} [get_hw_devices xc7a100t_0]
set_property FULL_PROBES.FILE {} [get_hw_devices xc7a100t_0]
set_property PROGRAM.FILE {C:/Users/Wendy Li/Desktop/FPGA1/project/Reaction_Timer_assignment1_git/Reaction_Timer_assignment1.runs/impl_1/reactionTimer_TOP.bit} [get_hw_devices xc7a100t_0]
program_hw_devices [get_hw_devices xc7a100t_0]
refresh_hw_device [lindex [get_hw_devices xc7a100t_0] 0]
close_hw
reset_run synth_1
launch_runs impl_1 -to_step write_bitstream -jobs 4
wait_on_run impl_1
open_hw
connect_hw_server
open_hw_target
set_property PROGRAM.FILE {C:/Users/Wendy Li/Desktop/FPGA1/project/Reaction_Timer_assignment1_git/Reaction_Timer_assignment1.runs/impl_1/reactionTimer_TOP.bit} [get_hw_devices xc7a100t_0]
current_hw_device [get_hw_devices xc7a100t_0]
refresh_hw_device -update_hw_probes false [lindex [get_hw_devices xc7a100t_0] 0]
set_property PROBES.FILE {} [get_hw_devices xc7a100t_0]
set_property FULL_PROBES.FILE {} [get_hw_devices xc7a100t_0]
set_property PROGRAM.FILE {C:/Users/Wendy Li/Desktop/FPGA1/project/Reaction_Timer_assignment1_git/Reaction_Timer_assignment1.runs/impl_1/reactionTimer_TOP.bit} [get_hw_devices xc7a100t_0]
program_hw_devices [get_hw_devices xc7a100t_0]
refresh_hw_device [lindex [get_hw_devices xc7a100t_0] 0]
close_hw
